<html>
<body>
<pre>
<h1>µVision Build Log</h1>
<h2>Tool Versions:</h2>
IDE-Version: µVision V5.20.0.0
Copyright (C) 2016 ARM Ltd and ARM Germany GmbH. All rights reserved.
License Information: Fabian fzs, fazs, LIC=D0DY8-3E2WA-U4WS7-EY0FP-EPB1Y-Z6ZVW
 
Tool Versions:
Toolchain:       MDK-ARM Plus  Version: 5.20
Toolchain Path:  C:\Keil_v5\ARM\ARMCC\Bin
C Compiler:      Armcc.exe V5.06 update 2 (build 183)
Assembler:       Armasm.exe V5.06 update 2 (build 183)
Linker/Locator:  ArmLink.exe V5.06 update 2 (build 183)
Library Manager: ArmAr.exe V5.06 update 2 (build 183)
Hex Converter:   FromElf.exe V5.06 update 2 (build 183)
CPU DLL:         SARMCM3.DLL V5.20
Dialog DLL:      DCM.DLL V1.13.7.0
Target DLL:      STLink\ST-LINKIII-KEIL_SWO.dll V2.0.18.0
Dialog DLL:      TCM.DLL V1.14.9.0
 
<h2>Project:</h2>
E:\dev_STM32F407\Matrix_FZS\Matrix_FZS\MDK-ARM\Matrix_FZS.uvprojx
Project File Date:  01/31/2017

<h2>Output:</h2>
*** Using Compiler 'V5.06 update 2 (build 183)', folder: 'C:\Keil_v5\ARM\ARMCC\Bin'
Build target 'Matrix_FZS'
Before Build - User command #1: "c:\Program Files (x86)\GnuWin32\bin\astyle" --options="c:\Program Files (x86)\GnuWin32\file\allman.ini" E:\dev_STM32F407\Matrix_FZS\Matrix_FZS\MDK-ARM\\..\Src\*.c
------------------------------------------------------------
Verzeichnis  E:\dev_STM32F407\Matrix_FZS\Matrix_FZS\MDK-ARM\\..\Src\*.c
------------------------------------------------------------
Unverändert  config.c
Unverändert  framebuffer.c
Unverändert  main.c
Unverändert  matrix.c
Unverändert  stm32f4xx_hal_msp.c
Unverändert  stm32f4xx_it.c
compiling main.c...
linking...
Program Size: Code=12824 RO-data=2000 RW-data=24 ZI-data=2416  
"Matrix_FZS\Matrix_FZS.axf" - 0 Error(s), 0 Warning(s).

<h2>Software Packages used:</h2>

Package Vendor: ARM
                http://www.keil.com/pack/ARM.CMSIS.4.5.0.pack
                ARM::CMSIS:CORE:4.3.0
                CMSIS (Cortex Microcontroller Software Interface Standard)
   * Component: CORE Version: 4.3.0
   * Component: DSP Version: 1.4.6

Package Vendor: Keil
                http://www.keil.com/pack/Keil.ARM_Compiler.1.2.0.pack
                Keil.ARM Compiler::Compiler:I/O:STDIN:User:1.1.0
                Keil ARM Compiler extensions
   * Component: STDIN Variant: User Version: 1.1.0
   * Component: STDERR Variant: ITM Version: 1.1.0
   * Component: STDOUT Variant: User Version: 1.1.0

<h2>Collection of Component include folders:</h2>
  E:\dev_STM32F407\Matrix_FZS\Matrix_FZS\MDK-ARM\RTE
  C:\Keil_v5\ARM\PACK\ARM\CMSIS\4.5.0\CMSIS\Include
  C:\Keil_v5\ARM\PACK\Keil\STM32F4xx_DFP\2.10.0\Drivers\CMSIS\Device\ST\STM32F4xx\Include

<h2>Collection of Component Files used:</h2>

   * Component: ARM::CMSIS:CORE:4.3.0

   * Component: ARM::CMSIS:DSP:1.4.6
      Include file:  CMSIS\Include\arm_math.h
      Library file:  CMSIS\Lib\ARM\arm_cortexM4lf_math.lib

   * Component: Keil.ARM Compiler::Compiler:I/O:STDIN:User:1.1.0
      Source file:   Template\stdin_keyboard.c
      Source file:   Source\retarget_io.c
      Source file:   Template\stdin_user.c
      Source file:   Template\stdin_USART.c

   * Component: Keil.ARM Compiler::Compiler:I/O:STDERR:ITM:1.1.0
      Source file:   Source\retarget_io.c

   * Component: Keil.ARM Compiler::Compiler:I/O:STDOUT:User:1.1.0
      Source file:   Template\stdout_USART.c
      Source file:   Source\retarget_io.c
      Source file:   Template\stdout_user.c
      Source file:   Template\stdout_display.c
Build Time Elapsed:  00:00:03
</pre>
</body>
</html>
